// Jest Snapshot v1, https://goo.gl/fbAQLP

exports[`<Button /> shoulds call function on button click 1`] = `
<button
  class="button"
>
  Load more
</button>
`;
