// Jest Snapshot v1, https://goo.gl/fbAQLP

exports[`<TextInput /> should math snapshot 1`] = `
<div>
  <input
    class="text-input"
    placeholder="Digite a sua pesquisa"
    type="search"
    value=""
  />
</div>
`;
